// Jest Snapshot v1, https://goo.gl/fbAQLP

exports[`Grid snapshots 1`] = `
<table>
  <tbody>
    <tr>
      <td
        class=""
        data-testid="0-0"
      >
         
      </td>
      <td
        class=""
        data-testid="1-0"
      >
         
      </td>
      <td
        class=""
        data-testid="2-0"
      >
         
      </td>
    </tr>
    <tr>
      <td
        class="alive"
        data-testid="0-1"
      >
         
      </td>
      <td
        class="alive"
        data-testid="1-1"
      >
         
      </td>
      <td
        class="alive"
        data-testid="2-1"
      >
         
      </td>
    </tr>
    <tr>
      <td
        class=""
        data-testid="0-2"
      >
         
      </td>
      <td
        class=""
        data-testid="1-2"
      >
         
      </td>
      <td
        class=""
        data-testid="2-2"
      >
         
      </td>
    </tr>
  </tbody>
</table>
`;

exports[`Grid snapshots 2`] = `
<table>
  <tbody>
    <tr>
      <td
        class=""
        data-testid="0-0"
      >
         
      </td>
      <td
        class="alive"
        data-testid="1-0"
      >
         
      </td>
      <td
        class=""
        data-testid="2-0"
      >
         
      </td>
    </tr>
    <tr>
      <td
        class=""
        data-testid="0-1"
      >
         
      </td>
      <td
        class="alive"
        data-testid="1-1"
      >
         
      </td>
      <td
        class=""
        data-testid="2-1"
      >
         
      </td>
    </tr>
    <tr>
      <td
        class=""
        data-testid="0-2"
      >
         
      </td>
      <td
        class="alive"
        data-testid="1-2"
      >
         
      </td>
      <td
        class=""
        data-testid="2-2"
      >
         
      </td>
    </tr>
  </tbody>
</table>
`;
